{
    "generated_at": "2025-01-01T00:00:00Z",
    "version": "1.4.0",
    "plugins_used": [
        {
            "name": "Base64HighEntropyString"
        },
        {
            "name": "BasicAuthCredentialDetector"
        },
        {
            "name": "PrivateKeyDetector"
        }
    ],
    "results": []
}
